Ôû▓ Next.js 16.1.1 (Turbopack)
- Environments: .env.local

npx : ÔÜá The 
"middleware" file 
convention is 
deprecated. Please use 
"proxy" instead. Learn 
more: https://nextjs.or
g/docs/messages/middlew
are-to-proxy
En línea: 1 Carácter: 1
+ npx next build > 
build_error.log 2>&1
+ ~~~~~~~~~~~~~~~~~~~~~
~~~~~~~~~~~~~~~~
    + CategoryInfo     
         : NotSpecifi  
  ed: (ÔÜá The "midd   
 le...leware-to-pro    
xy:String) [], Rem    
oteException
    + FullyQualifiedEr 
   rorId : NativeComm  
  andError
 
  Creating an optimized production build ...
Turbopack build 
encountered 1 warnings:
./src/app/dashboard/cro
nometraje/page.tsx:210:
50
Module not found: 
Can't resolve 
'jspdf-autotable'
[0m [90m 208 |[39m  
       [36mtry[39m {
 [90m 209 |[39m      
       [36mconst[39m 
{ [36mdefault[39m[33
m:[39m jsPDF } 
[33m=[39m 
[36mawait[39m [36mim
port[39m([32m'jspdf'
[39m)[33m;[39m
[31m[1m>[22m[39m[9
0m 210 |[39m          
   [36mconst[39m { [
36mdefault[39m[33m:[
39m autoTable } 
[33m=[39m 
[36mawait[39m [36mim
port[39m([32m'jspdf-a
utotable'[39m)[33m;[
39m
 [90m     |[39m      
                       
                     [
31m[1m^[22m[39m[31m
[1m^[22m[39m[31m[1
m^[22m[39m[31m[1m^
[22m[39m[31m[1m^[22
m[39m[31m[1m^[22m[
39m[31m[1m^[22m[39m
[31m[1m^[22m[39m[3
1m[1m^[22m[39m[31m
[1m^[22m[39m[31m[1m
^[22m[39m[31m[1m^[
22m[39m[31m[1m^[22m
[39m[31m[1m^[22m[3
9m[31m[1m^[22m[39m
[31m[1m^[22m[39m[31
m[1m^[22m[39m[31m[
1m^[22m[39m[31m[1m^
[22m[39m[31m[1m^[2
2m[39m[31m[1m^[22m
[39m[31m[1m^[22m[39
m[31m[1m^[22m[39m[
31m[1m^[22m[39m[31m
[1m^[22m[39m
 [90m 211 |[39m
 [90m 212 |[39m      
       [36mconst[39m 
reportData [33m=[39m 
filteredData[33m;[39m
 [90m 213 |[39m[0m



Import traces:
  Client Component 
Browser:
    ./src/app/dashboard
/cronometraje/page.tsx 
[Client Component 
Browser]
    ./src/app/dashboard
/cronometraje/page.tsx 
[Server Component]

  Client Component SSR:
    ./src/app/dashboard
/cronometraje/page.tsx 
[Client Component SSR]
    ./src/app/dashboard
/cronometraje/page.tsx 
[Server Component]

https://nextjs.org/docs
/messages/module-not-fo
und



> Build error occurred
Error: Turbopack build 
failed with 6 errors:
./src/app/api/dashboard
/community-report/route
.ts:634:23
Ecmascript file had an 
error
[0m [90m 632 |[39m
 [90m 633 |[39m      
           [90m// 
Detail table of direct 
tasks[39m
[31m[1m>[22m[39m[9
0m 634 |[39m          
       [36mconst[39m 
allTasks [33m=[39m 
communityTasks 
[33m||[39m 
[][33m;[39m
 [90m     |[39m      
                 [31m
[1m^[22m[39m[31m[1m
^[22m[39m[31m[1m^[
22m[39m[31m[1m^[22m
[39m[31m[1m^[22m[3
9m[31m[1m^[22m[39m
[31m[1m^[22m[39m[31
m[1m^[22m[39m
 [90m 635 |[39m      
           
[36mif[39m (allTasks
[33m.[39mlength 
[33m>[39m 
[35m0[39m) {
 [90m 636 |[39m      
               
[36mif[39m (currentY 
[33m<[39m 
[35m100[39m) { page 
[33m=[39m pdfDoc[33m
.[39maddPage([[33mA4
[39m[33m.[39mw[33m,
[39m [33mA4[39m[33m.
[39mh])[33m;[39m 
currentY [33m=[39m [
33mA4[39m[33m.[39mh 
[33m-[39m [35m50[39
m[33m;[39m }
 [90m 637 |[39m      
               page[33
m.[39mdrawText([32m"D
etalle de Tareas Direct
as"[39m[33m,[39m { 
x[33m:[39m marginX 
[33m+[39m 
[35m5[39m[33m,[39m 
y[33m:[39m 
currentY[33m,[39m 
size[33m:[39m 
[35m9[39m[33m,[39m 
font[33m:[39m 
bold[33m,[39m 
color[33m:[39m 
[33mBRAND_DARK[39m 
})[33m;[39m[0m

the name `allTasks` is 
defined multiple times


./src/app/api/notificat
ions/read-all/route.ts:
2:1
Export supabaseServer 
doesn't exist in 
target module
[0m [90m 1 |[39m 
[36mimport[39m { 
[33mNextResponse[39m 
} [36mfrom[39m [32m"
next/server"[39m[33m;
[39m
[31m[1m>[22m[39m[9
0m 2 |[39m 
[36mimport[39m { 
supabaseServer } 
[36mfrom[39m [32m"@/
lib/supabase/server"[3
9m[33m;[39m
 [90m   |[39m [31m[
1m^[22m[39m[31m[1m^
[22m[39m[31m[1m^[2
2m[39m[31m[1m^[22m
[39m[31m[1m^[22m[39
m[31m[1m^[22m[39m[
31m[1m^[22m[39m[31m
[1m^[22m[39m[31m[1
m^[22m[39m[31m[1m^
[22m[39m[31m[1m^[22
m[39m[31m[1m^[22m[
39m[31m[1m^[22m[39m
[31m[1m^[22m[39m[3
1m[1m^[22m[39m[31m
[1m^[22m[39m[31m[1m
^[22m[39m[31m[1m^[
22m[39m[31m[1m^[22m
[39m[31m[1m^[22m[3
9m[31m[1m^[22m[39m
[31m[1m^[22m[39m[31
m[1m^[22m[39m[31m[
1m^[22m[39m[31m[1m^
[22m[39m[31m[1m^[2
2m[39m[31m[1m^[22m
[39m[31m[1m^[22m[39
m[31m[1m^[22m[39m[
31m[1m^[22m[39m[31m
[1m^[22m[39m[31m[1
m^[22m[39m[31m[1m^
[22m[39m[31m[1m^[22
m[39m[31m[1m^[22m[
39m[31m[1m^[22m[39m
[31m[1m^[22m[39m[3
1m[1m^[22m[39m[31m
[1m^[22m[39m[31m[1m
^[22m[39m[31m[1m^[
22m[39m[31m[1m^[22m
[39m[31m[1m^[22m[3
9m[31m[1m^[22m[39m
[31m[1m^[22m[39m[31
m[1m^[22m[39m[31m[
1m^[22m[39m[31m[1m^
[22m[39m[31m[1m^[2
2m[39m[31m[1m^[22m
[39m[31m[1m^[22m[39
m[31m[1m^[22m[39m[
31m[1m^[22m[39m[31m
[1m^[22m[39m[31m[1
m^[22m[39m
 [90m 3 |[39m 
[36mimport[39m { 
logActivity } 
[36mfrom[39m [32m"@/
lib/logActivity"[39m[
33m;[39m
 [90m 4 |[39m
 [90m 5 |[39m 
[36mexport[39m 
[36masync[39m 
[36mfunction[39m 
[33mPOST[39m() {[0m

The export 
supabaseServer was not 
found in module [projec
t]/src/lib/supabase/ser
ver.ts [app-route] 
(ecmascript).
Did you mean to import 
createClient?
All exports of the 
module are statically 
known (It doesn't have 
dynamic exports). So 
it's known statically 
that the requested 
export doesn't exist.


./src/app/api/notificat
ions/read/route.ts:2:1
Export supabaseServer 
doesn't exist in 
target module
[0m [90m 1 |[39m 
[36mimport[39m { 
[33mNextResponse[39m 
} [36mfrom[39m [32m"
next/server"[39m[33m;
[39m
[31m[1m>[22m[39m[9
0m 2 |[39m 
[36mimport[39m { 
supabaseServer } 
[36mfrom[39m [32m"@/
lib/supabase/server"[3
9m[33m;[39m
 [90m   |[39m [31m[
1m^[22m[39m[31m[1m^
[22m[39m[31m[1m^[2
2m[39m[31m[1m^[22m
[39m[31m[1m^[22m[39
m[31m[1m^[22m[39m[
31m[1m^[22m[39m[31m
[1m^[22m[39m[31m[1
m^[22m[39m[31m[1m^
[22m[39m[31m[1m^[22
m[39m[31m[1m^[22m[
39m[31m[1m^[22m[39m
[31m[1m^[22m[39m[3
1m[1m^[22m[39m[31m
[1m^[22m[39m[31m[1m
^[22m[39m[31m[1m^[
22m[39m[31m[1m^[22m
[39m[31m[1m^[22m[3
9m[31m[1m^[22m[39m
[31m[1m^[22m[39m[31
m[1m^[22m[39m[31m[
1m^[22m[39m[31m[1m^
[22m[39m[31m[1m^[2
2m[39m[31m[1m^[22m
[39m[31m[1m^[22m[39
m[31m[1m^[22m[39m[
31m[1m^[22m[39m[31m
[1m^[22m[39m[31m[1
m^[22m[39m[31m[1m^
[22m[39m[31m[1m^[22
m[39m[31m[1m^[22m[
39m[31m[1m^[22m[39m
[31m[1m^[22m[39m[3
1m[1m^[22m[39m[31m
[1m^[22m[39m[31m[1m
^[22m[39m[31m[1m^[
22m[39m[31m[1m^[22m
[39m[31m[1m^[22m[3
9m[31m[1m^[22m[39m
[31m[1m^[22m[39m[31
m[1m^[22m[39m[31m[
1m^[22m[39m[31m[1m^
[22m[39m[31m[1m^[2
2m[39m[31m[1m^[22m
[39m[31m[1m^[22m[39
m[31m[1m^[22m[39m[
31m[1m^[22m[39m[31m
[1m^[22m[39m[31m[1
m^[22m[39m
 [90m 3 |[39m
 [90m 4 |[39m 
[36mexport[39m 
[36masync[39m 
[36mfunction[39m [33
mPOST[39m(req[33m:[3
9m [33mRequest[39m) {
 [90m 5 |[39m     
[36mconst[39m 
supabase [33m=[39m 
[36mawait[39m supabas
eServer()[33m;[39m[0
m

The export 
supabaseServer was not 
found in module [projec
t]/src/lib/supabase/ser
ver.ts [app-route] 
(ecmascript).
Did you mean to import 
createClient?
All exports of the 
module are statically 
known (It doesn't have 
dynamic exports). So 
it's known statically 
that the requested 
export doesn't exist.


./src/app/dashboard/doc
umentos/certificado-ren
ta/historial/page.tsx:3
:1
Export supabaseServer 
doesn't exist in 
target module
[0m [90m 1 |[39m 
[36mimport[39m 
[33mLink[39m 
[36mfrom[39m [32m'ne
xt/link'[39m[33m;[39
m
 [90m 2 |[39m 
[36mimport[39m { [33
mArrowLeft[39m[33m,[
39m [33mUser[39m[33m
,[39m 
[33mFileText[39m } 
[36mfrom[39m [32m'lu
cide-react'[39m[33m;
[39m
[31m[1m>[22m[39m[9
0m 3 |[39m 
[36mimport[39m { 
supabaseServer } 
[36mfrom[39m [32m'@/
lib/supabase/server'[3
9m[33m;[39m
 [90m   |[39m [31m[
1m^[22m[39m[31m[1m^
[22m[39m[31m[1m^[2
2m[39m[31m[1m^[22m
[39m[31m[1m^[22m[39
m[31m[1m^[22m[39m[
31m[1m^[22m[39m[31m
[1m^[22m[39m[31m[1
m^[22m[39m[31m[1m^
[22m[39m[31m[1m^[22
m[39m[31m[1m^[22m[
39m[31m[1m^[22m[39m
[31m[1m^[22m[39m[3
1m[1m^[22m[39m[31m
[1m^[22m[39m[31m[1m
^[22m[39m[31m[1m^[
22m[39m[31m[1m^[22m
[39m[31m[1m^[22m[3
9m[31m[1m^[22m[39m
[31m[1m^[22m[39m[31
m[1m^[22m[39m[31m[
1m^[22m[39m[31m[1m^
[22m[39m[31m[1m^[2
2m[39m[31m[1m^[22m
[39m[31m[1m^[22m[39
m[31m[1m^[22m[39m[
31m[1m^[22m[39m[31m
[1m^[22m[39m[31m[1
m^[22m[39m[31m[1m^
[22m[39m[31m[1m^[22
m[39m[31m[1m^[22m[
39m[31m[1m^[22m[39m
[31m[1m^[22m[39m[3
1m[1m^[22m[39m[31m
[1m^[22m[39m[31m[1m
^[22m[39m[31m[1m^[
22m[39m[31m[1m^[22m
[39m[31m[1m^[22m[3
9m[31m[1m^[22m[39m
[31m[1m^[22m[39m[31
m[1m^[22m[39m[31m[
1m^[22m[39m[31m[1m^
[22m[39m[31m[1m^[2
2m[39m[31m[1m^[22m
[39m[31m[1m^[22m[39
m[31m[1m^[22m[39m[
31m[1m^[22m[39m[31m
[1m^[22m[39m[31m[1
m^[22m[39m
 [90m 4 |[39m 
[36mimport[39m [33mC
lientHistoryTable[39m 
[36mfrom[39m [32m'@/
components/dashboard/Cl
ientHistoryTable'[39m
[33m;[39m
 [90m 5 |[39m
 [90m 6 |[39m 
[36mexport[39m 
[36mdefault[39m 
[36masync[39m 
[36mfunction[39m [33
mHistorialCertificadoRe
ntaPage[39m() {[0m

The export 
supabaseServer was not 
found in module [projec
t]/src/lib/supabase/ser
ver.ts [app-rsc] 
(ecmascript).
Did you mean to import 
createClient?
All exports of the 
module are statically 
known (It doesn't have 
dynamic exports). So 
it's known statically 
that the requested 
export doesn't exist.


./src/app/dashboard/doc
umentos/suplidos/histor
ial/page.tsx:3:1
Export supabaseServer 
doesn't exist in 
target module
[0m [90m 1 |[39m 
[36mimport[39m 
[33mLink[39m 
[36mfrom[39m [32m'ne
xt/link'[39m[33m;[39
m
 [90m 2 |[39m 
[36mimport[39m { [33
mArrowLeft[39m[33m,[
39m [33mCalendar[39m
[33m,[39m [33mUser[3
9m[33m,[39m 
[33mFileText[39m } 
[36mfrom[39m [32m'lu
cide-react'[39m[33m;
[39m
[31m[1m>[22m[39m[9
0m 3 |[39m 
[36mimport[39m { 
supabaseServer } 
[36mfrom[39m [32m'@/
lib/supabase/server'[3
9m[33m;[39m
 [90m   |[39m [31m[
1m^[22m[39m[31m[1m^
[22m[39m[31m[1m^[2
2m[39m[31m[1m^[22m
[39m[31m[1m^[22m[39
m[31m[1m^[22m[39m[
31m[1m^[22m[39m[31m
[1m^[22m[39m[31m[1
m^[22m[39m[31m[1m^
[22m[39m[31m[1m^[22
m[39m[31m[1m^[22m[
39m[31m[1m^[22m[39m
[31m[1m^[22m[39m[3
1m[1m^[22m[39m[31m
[1m^[22m[39m[31m[1m
^[22m[39m[31m[1m^[
22m[39m[31m[1m^[22m
[39m[31m[1m^[22m[3
9m[31m[1m^[22m[39m
[31m[1m^[22m[39m[31
m[1m^[22m[39m[31m[
1m^[22m[39m[31m[1m^
[22m[39m[31m[1m^[2
2m[39m[31m[1m^[22m
[39m[31m[1m^[22m[39
m[31m[1m^[22m[39m[
31m[1m^[22m[39m[31m
[1m^[22m[39m[31m[1
m^[22m[39m[31m[1m^
[22m[39m[31m[1m^[22
m[39m[31m[1m^[22m[
39m[31m[1m^[22m[39m
[31m[1m^[22m[39m[3
1m[1m^[22m[39m[31m
[1m^[22m[39m[31m[1m
^[22m[39m[31m[1m^[
22m[39m[31m[1m^[22m
[39m[31m[1m^[22m[3
9m[31m[1m^[22m[39m
[31m[1m^[22m[39m[31
m[1m^[22m[39m[31m[
1m^[22m[39m[31m[1m^
[22m[39m[31m[1m^[2
2m[39m[31m[1m^[22m
[39m[31m[1m^[22m[39
m[31m[1m^[22m[39m[
31m[1m^[22m[39m[31m
[1m^[22m[39m[31m[1
m^[22m[39m
 [90m 4 |[39m 
[36mimport[39m [33mC
lientHistoryTable[39m 
[36mfrom[39m [32m'@/
components/dashboard/Cl
ientHistoryTable'[39m
[33m;[39m
 [90m 5 |[39m
 [90m 6 |[39m 
[36mexport[39m 
[36mdefault[39m 
[36masync[39m 
[36mfunction[39m [33
mHistorialSuplidosPage
[39m() {[0m

The export 
supabaseServer was not 
found in module [projec
t]/src/lib/supabase/ser
ver.ts [app-rsc] 
(ecmascript).
Did you mean to import 
createClient?
All exports of the 
module are statically 
known (It doesn't have 
dynamic exports). So 
it's known statically 
that the requested 
export doesn't exist.


./src/app/dashboard/doc
umentos/varios/historia
l/page.tsx:3:1
Export supabaseServer 
doesn't exist in 
target module
[0m [90m 1 |[39m 
[36mimport[39m 
[33mLink[39m 
[36mfrom[39m [32m'ne
xt/link'[39m[33m;[39
m
 [90m 2 |[39m 
[36mimport[39m { [33
mArrowLeft[39m[33m,[
39m [33mUser[39m[33m
,[39m 
[33mFileText[39m } 
[36mfrom[39m [32m'lu
cide-react'[39m[33m;
[39m
[31m[1m>[22m[39m[9
0m 3 |[39m 
[36mimport[39m { 
supabaseServer } 
[36mfrom[39m [32m'@/
lib/supabase/server'[3
9m[33m;[39m
 [90m   |[39m [31m[
1m^[22m[39m[31m[1m^
[22m[39m[31m[1m^[2
2m[39m[31m[1m^[22m
[39m[31m[1m^[22m[39
m[31m[1m^[22m[39m[
31m[1m^[22m[39m[31m
[1m^[22m[39m[31m[1
m^[22m[39m[31m[1m^
[22m[39m[31m[1m^[22
m[39m[31m[1m^[22m[
39m[31m[1m^[22m[39m
[31m[1m^[22m[39m[3
1m[1m^[22m[39m[31m
[1m^[22m[39m[31m[1m
^[22m[39m[31m[1m^[
22m[39m[31m[1m^[22m
[39m[31m[1m^[22m[3
9m[31m[1m^[22m[39m
[31m[1m^[22m[39m[31
m[1m^[22m[39m[31m[
1m^[22m[39m[31m[1m^
[22m[39m[31m[1m^[2
2m[39m[31m[1m^[22m
[39m[31m[1m^[22m[39
m[31m[1m^[22m[39m[
31m[1m^[22m[39m[31m
[1m^[22m[39m[31m[1
m^[22m[39m[31m[1m^
[22m[39m[31m[1m^[22
m[39m[31m[1m^[22m[
39m[31m[1m^[22m[39m
[31m[1m^[22m[39m[3
1m[1m^[22m[39m[31m
[1m^[22m[39m[31m[1m
^[22m[39m[31m[1m^[
22m[39m[31m[1m^[22m
[39m[31m[1m^[22m[3
9m[31m[1m^[22m[39m
[31m[1m^[22m[39m[31
m[1m^[22m[39m[31m[
1m^[22m[39m[31m[1m^
[22m[39m[31m[1m^[2
2m[39m[31m[1m^[22m
[39m[31m[1m^[22m[39
m[31m[1m^[22m[39m[
31m[1m^[22m[39m[31m
[1m^[22m[39m[31m[1
m^[22m[39m
 [90m 4 |[39m 
[36mimport[39m [33mC
lientHistoryTable[39m 
[36mfrom[39m [32m'@/
components/dashboard/Cl
ientHistoryTable'[39m
[33m;[39m
 [90m 5 |[39m
 [90m 6 |[39m 
[36mexport[39m 
[36mdefault[39m 
[36masync[39m 
[36mfunction[39m [33
mHistorialVariosPage[3
9m() {[0m

The export 
supabaseServer was not 
found in module [projec
t]/src/lib/supabase/ser
ver.ts [app-rsc] 
(ecmascript).
Did you mean to import 
createClient?
All exports of the 
module are statically 
known (It doesn't have 
dynamic exports). So 
it's known statically 
that the requested 
export doesn't exist.


    at <unknown> (./src
/app/api/dashboard/comm
unity-report/route.ts:6
34:23)
    at <unknown> (./src
/app/api/notifications/
read-all/route.ts:2:1)
    at <unknown> (./src
/app/api/notifications/
read/route.ts:2:1)
    at <unknown> (./src
/app/dashboard/document
os/certificado-renta/hi
storial/page.tsx:3:1)
    at <unknown> (./src
/app/dashboard/document
os/suplidos/historial/p
age.tsx:3:1)
    at <unknown> (./src
/app/dashboard/document
os/varios/historial/pag
e.tsx:3:1)
